// Jest Snapshot v1, https://goo.gl/fbAQLP

exports[`Bienvenida (snpashot) La página de Bienvenida se renderiza correctamente 1`] = `
<div
  className="container"
  style={
    Object {
      "padding": 10,
    }
  }
>
  <div
    className="jumbotron"
  >
    <h1>
      Bienvenido a la Página Principal de Trainners API
    </h1>
  </div>
</div>
`;
